// Jest Snapshot v1, https://goo.gl/fbAQLP

exports[`when only a filepath is passed as $1, it reads the file and writes formatted code to STDOUT 1`] = `
Array [
  Array [
    "const text = 'Hello World!';
console.log(text);
",
  ],
]
`;

exports[`when the --filename arg is passed, reads from STDIN and writes formatted code to STDOUT 1`] = `
Array [
  Array [
    "console.log('Hello World!');
",
  ],
]
`;
